C:/Users/joaoo/OneDrive/Documentos/STM32/stm32ai-modelzoo-services/application_code/object_detection/STM32H7/Application/STM32H747I-DISCO/Src/CM7/ai_interface.c:42:9:ai_get_input_format	0	static
C:/Users/joaoo/OneDrive/Documentos/STM32/stm32ai-modelzoo-services/application_code/object_detection/STM32H7/Application/STM32H747I-DISCO/Src/CM7/ai_interface.c:52:9:ai_get_output_format	0	static
C:/Users/joaoo/OneDrive/Documentos/STM32/stm32ai-modelzoo-services/application_code/object_detection/STM32H7/Application/STM32H747I-DISCO/Src/CM7/ai_interface.c:62:9:ai_get_input_quantized_format	0	static
C:/Users/joaoo/OneDrive/Documentos/STM32/stm32ai-modelzoo-services/application_code/object_detection/STM32H7/Application/STM32H747I-DISCO/Src/CM7/ai_interface.c:72:10:ai_get_input_quantization_scheme	0	static
C:/Users/joaoo/OneDrive/Documentos/STM32/stm32ai-modelzoo-services/application_code/object_detection/STM32H7/Application/STM32H747I-DISCO/Src/CM7/ai_interface.c:100:10:ai_get_output_quantization_scheme	0	static
C:/Users/joaoo/OneDrive/Documentos/STM32/stm32ai-modelzoo-services/application_code/object_detection/STM32H7/Application/STM32H747I-DISCO/Src/CM7/ai_interface.c:129:10:ai_get_output_fxp_scale	0	static
C:/Users/joaoo/OneDrive/Documentos/STM32/stm32ai-modelzoo-services/application_code/object_detection/STM32H7/Application/STM32H747I-DISCO/Src/CM7/ai_interface.c:147:10:ai_get_input_scale	0	static
C:/Users/joaoo/OneDrive/Documentos/STM32/stm32ai-modelzoo-services/application_code/object_detection/STM32H7/Application/STM32H747I-DISCO/Src/CM7/ai_interface.c:156:8:ai_get_input_zero_point	0	static
C:/Users/joaoo/OneDrive/Documentos/STM32/stm32ai-modelzoo-services/application_code/object_detection/STM32H7/Application/STM32H747I-DISCO/Src/CM7/ai_interface.c:165:10:ai_get_output_scale	0	static
C:/Users/joaoo/OneDrive/Documentos/STM32/stm32ai-modelzoo-services/application_code/object_detection/STM32H7/Application/STM32H747I-DISCO/Src/CM7/ai_interface.c:175:8:ai_get_output_zero_point	0	static
C:/Users/joaoo/OneDrive/Documentos/STM32/stm32ai-modelzoo-services/application_code/object_detection/STM32H7/Application/STM32H747I-DISCO/Src/CM7/ai_interface.c:186:6:ai_init	40	static
C:/Users/joaoo/OneDrive/Documentos/STM32/stm32ai-modelzoo-services/application_code/object_detection/STM32H7/Application/STM32H747I-DISCO/Src/CM7/ai_interface.c:216:6:ai_deinit	0	static
C:/Users/joaoo/OneDrive/Documentos/STM32/stm32ai-modelzoo-services/application_code/object_detection/STM32H7/Application/STM32H747I-DISCO/Src/CM7/ai_interface.c:223:6:ai_run	8	static
