C:/Users/joaoo/OneDrive/Documentos/STM32/stm32ai-modelzoo-services/application_code/object_detection/STM32H7/Drivers/BSP/STM32H747I-DISCO/stm32h747i_discovery_bus.c:240:9:BSP_I2C4_DeInit	8	static
C:/Users/joaoo/OneDrive/Documentos/STM32/stm32ai-modelzoo-services/application_code/object_detection/STM32H7/Drivers/BSP/STM32H747I-DISCO/stm32h747i_discovery_bus.c:267:26:MX_I2C4_Init	8	static
C:/Users/joaoo/OneDrive/Documentos/STM32/stm32ai-modelzoo-services/application_code/object_detection/STM32H7/Drivers/BSP/STM32H747I-DISCO/stm32h747i_discovery_bus.c:189:9:BSP_I2C4_Init	160	static
C:/Users/joaoo/OneDrive/Documentos/STM32/stm32ai-modelzoo-services/application_code/object_detection/STM32H7/Drivers/BSP/STM32H747I-DISCO/stm32h747i_discovery_bus.c:313:9:BSP_I2C4_WriteReg	32	static
C:/Users/joaoo/OneDrive/Documentos/STM32/stm32ai-modelzoo-services/application_code/object_detection/STM32H7/Drivers/BSP/STM32H747I-DISCO/stm32h747i_discovery_bus.c:350:9:BSP_I2C4_ReadReg	32	static
C:/Users/joaoo/OneDrive/Documentos/STM32/stm32ai-modelzoo-services/application_code/object_detection/STM32H7/Drivers/BSP/STM32H747I-DISCO/stm32h747i_discovery_bus.c:387:9:BSP_I2C4_WriteReg16	32	static
C:/Users/joaoo/OneDrive/Documentos/STM32/stm32ai-modelzoo-services/application_code/object_detection/STM32H7/Drivers/BSP/STM32H747I-DISCO/stm32h747i_discovery_bus.c:424:9:BSP_I2C4_ReadReg16	32	static
C:/Users/joaoo/OneDrive/Documentos/STM32/stm32ai-modelzoo-services/application_code/object_detection/STM32H7/Drivers/BSP/STM32H747I-DISCO/stm32h747i_discovery_bus.c:460:9:BSP_I2C4_IsReady	8	static
C:/Users/joaoo/OneDrive/Documentos/STM32/stm32ai-modelzoo-services/application_code/object_detection/STM32H7/Drivers/BSP/STM32H747I-DISCO/stm32h747i_discovery_bus.c:482:9:BSP_GetTick	0	static
