C:/Users/joaoo/OneDrive/Documentos/STM32/stm32ai-modelzoo-services/application_code/object_detection/STM32H7/Drivers/BSP/STM32H747I-DISCO/stm32h747i_discovery_qspi.c:217:9:BSP_QSPI_DeInit	32	static
C:/Users/joaoo/OneDrive/Documentos/STM32/stm32ai-modelzoo-services/application_code/object_detection/STM32H7/Drivers/BSP/STM32H747I-DISCO/stm32h747i_discovery_qspi.c:266:26:MX_QSPI_Init	4	static
C:/Users/joaoo/OneDrive/Documentos/STM32/stm32ai-modelzoo-services/application_code/object_detection/STM32H7/Drivers/BSP/STM32H747I-DISCO/stm32h747i_discovery_qspi.c:132:9:BSP_QSPI_Init	176	static,ignoring_inline_asm
C:/Users/joaoo/OneDrive/Documentos/STM32/stm32ai-modelzoo-services/application_code/object_detection/STM32H7/Drivers/BSP/STM32H747I-DISCO/stm32h747i_discovery_qspi.c:364:9:BSP_QSPI_Read	16	static
C:/Users/joaoo/OneDrive/Documentos/STM32/stm32ai-modelzoo-services/application_code/object_detection/STM32H7/Drivers/BSP/STM32H747I-DISCO/stm32h747i_discovery_qspi.c:403:9:BSP_QSPI_Write	40	static
C:/Users/joaoo/OneDrive/Documentos/STM32/stm32ai-modelzoo-services/application_code/object_detection/STM32H7/Drivers/BSP/STM32H747I-DISCO/stm32h747i_discovery_qspi.c:473:9:BSP_QSPI_EraseBlock	16	static
C:/Users/joaoo/OneDrive/Documentos/STM32/stm32ai-modelzoo-services/application_code/object_detection/STM32H7/Drivers/BSP/STM32H747I-DISCO/stm32h747i_discovery_qspi.c:512:9:BSP_QSPI_EraseChip	8	static
C:/Users/joaoo/OneDrive/Documentos/STM32/stm32ai-modelzoo-services/application_code/object_detection/STM32H7/Drivers/BSP/STM32H747I-DISCO/stm32h747i_discovery_qspi.c:552:9:BSP_QSPI_GetStatus	16	static
C:/Users/joaoo/OneDrive/Documentos/STM32/stm32ai-modelzoo-services/application_code/object_detection/STM32H7/Drivers/BSP/STM32H747I-DISCO/stm32h747i_discovery_qspi.c:588:9:BSP_QSPI_GetInfo	8	static
C:/Users/joaoo/OneDrive/Documentos/STM32/stm32ai-modelzoo-services/application_code/object_detection/STM32H7/Drivers/BSP/STM32H747I-DISCO/stm32h747i_discovery_qspi.c:612:9:BSP_QSPI_EnableMemoryMappedMode	8	static
C:/Users/joaoo/OneDrive/Documentos/STM32/stm32ai-modelzoo-services/application_code/object_detection/STM32H7/Drivers/BSP/STM32H747I-DISCO/stm32h747i_discovery_qspi.c:657:9:BSP_QSPI_DisableMemoryMappedMode	32	static
C:/Users/joaoo/OneDrive/Documentos/STM32/stm32ai-modelzoo-services/application_code/object_detection/STM32H7/Drivers/BSP/STM32H747I-DISCO/stm32h747i_discovery_qspi.c:708:9:BSP_QSPI_ReadID	8	static
C:/Users/joaoo/OneDrive/Documentos/STM32/stm32ai-modelzoo-services/application_code/object_detection/STM32H7/Drivers/BSP/STM32H747I-DISCO/stm32h747i_discovery_qspi.c:738:9:BSP_QSPI_ConfigFlash	24	static
